============================================================
ОТЧЁТ О СКАНИРОВАНИИ ПАПКИ (базовый вариант)
============================================================
Путь: C:\Users\User\Desktop
Дата сканирования: 2026-06-17 18:39:13
Фильтр: .txt
------------------------------------------------------------
Количество папок:          18
Количество файлов:         7
Общий размер всех файлов:  8472 байт
Средний размер файла:     1210.29 байт
------------------------------------------------------------
СПИСОК ОТОБРАННЫХ ФАЙЛОВ:
  C:\Users\User\Desktop\123.txt
  C:\Users\User\Desktop\1с!\DoNotCopy.txt
  C:\Users\User\Desktop\Новая папка\Текстовый документ.txt
  C:\Users\User\Desktop\инструмент средства\2лаба подробности.txt
  C:\Users\User\Desktop\кр 2.txt
  C:\Users\User\Desktop\кр.txt
  C:\Users\User\Desktop\лаб8_без_дубликатов.txt
============================================================